// Jest Snapshot v1, https://goo.gl/fbAQLP

exports[`NoteBlock renders correctly with <p> tag 1`] = `"<ContentEditable className=\\"block\\" innerRef={[Function (anonymous)]} html=\\"Hello World!\\" tagName=\\"p\\" onChange={[Function: onChangeHandler]} onKeyDown={[Function: onKeydownHandler]} disabled={true} data-rbd-draggable-context-id=\\"\\" data-rbd-draggable-id=\\"\\" onClick={[Function: onClick]} />"`;
